2026-09-30 21:45:17 INFO pedido criado: P1_2026-09-30_1830_gta_rockstar-quinta
2026-09-30 21:45:17 INFO 01_pedidos -> 02_baixados: P1_2026-09-30_1830_gta_rockstar-quinta (bruto pronto: bruto.mp4 (0.0 MB))
2026-09-30 21:45:17 INFO 02_baixados -> 03_legenda_dublagem: P1_2026-09-30_1830_gta_rockstar-quinta (bruto ok: 15.0s 1080x1920, com áudio)
2026-09-30 21:45:17 INFO 03_legenda_dublagem -> 04_edicao: P1_2026-09-30_1830_gta_rockstar-quinta (legenda gerada)
2026-09-30 21:45:17 INFO 04_edicao -> 05_revisao: P1_2026-09-30_1830_gta_rockstar-quinta (final.mp4 1080x1920 15.0s -14.0 LUFS)
2026-09-30 21:45:17 INFO 05_revisao P1_2026-09-30_1830_gta_rockstar-quinta: material de revisão pronto (rodada 1): aguardando aprovado.json ou refazer.json
2026-09-30 21:45:17 INFO ciclo: 5 executados, 4 avançaram, 0 erros, 0 pesados adiados
2026-09-30 21:45:17 INFO 05_revisao -> 06_agendados: P1_2026-09-30_1830_gta_rockstar-quinta (aprovado: média 9.0 (Excelente))
2026-09-30 21:45:17 INFO 06_agendados P1_2026-09-30_1830_gta_rockstar-quinta: aguardando: instagram (API)
2026-09-30 21:45:17 INFO ciclo: 1 executados, 0 avançaram, 0 erros, 0 pesados adiados
2026-09-30 21:45:17 INFO ciclo: 1 executados, 0 avançaram, 0 erros, 0 pesados adiados
2026-09-30 21:45:17 ERROR 06_agendados P1_2026-09-30_1830_gta_rockstar-quinta -> 99_erros: instagram: o publicador marcou erro: mídia recusada
2026-09-30 21:45:17 INFO ciclo: 1 executados, 0 avançaram, 1 erros, 0 pesados adiados
2026-09-30 21:45:17 INFO vigia iniciado (intervalo 30s, simular=True)
2026-09-30 21:45:17 INFO vigia iniciado (intervalo 30s, simular=True)
2026-09-30 21:45:17 ERROR gancho pedido falhou: pedido inválido: já existe um item P1_2026-09-30_1830_gta_rockstar-quinta em 99_erros
2026-09-30 21:45:17 ERROR gancho pedido falhou: pedido inválido: já existe um item P1_2026-09-30_1830_gta_rockstar-quinta em 99_erros
2026-09-30 21:45:26 INFO pedido criado: P1_2026-09-30_1830_destinos_rockstar-quinta
2026-09-30 21:45:26 INFO 06_agendados -> 07_postados: P0_2026-09-30_1830_gta_rockstar-quinta (todas as redes confirmadas: instagram=simulado)
2026-09-30 21:45:26 INFO 07_postados P0_2026-09-30_1830_gta_rockstar-quinta: aviso 'no ar' em modo sombra (não enviado): 20260930-184526_no_ar_P0_2026-09-30_1830_gta_rockstar-quinta.json
2026-09-30 21:45:26 INFO 01_pedidos -> 02_baixados: P1_2026-09-30_1830_destinos_rockstar-quinta (bruto pronto: bruto.mp4 (0.0 MB))
2026-09-30 21:45:26 INFO 02_baixados -> 03_legenda_dublagem: P1_2026-09-30_1830_destinos_rockstar-quinta (bruto ok: 15.0s 1080x1920, com áudio)
2026-09-30 21:45:26 INFO 03_legenda_dublagem -> 04_edicao: P1_2026-09-30_1830_destinos_rockstar-quinta (legenda gerada; dublagem ok; narração Toque HP ok)
2026-09-30 21:45:26 INFO 04_edicao -> 05_revisao: P1_2026-09-30_1830_destinos_rockstar-quinta (final.mp4 1080x1920 15.0s -14.0 LUFS)
2026-09-30 21:45:26 INFO 05_revisao P1_2026-09-30_1830_destinos_rockstar-quinta: material de revisão pronto (rodada 1): aguardando aprovado.json ou refazer.json
2026-09-30 21:45:26 INFO ciclo: 7 executados, 5 avançaram, 0 erros, 0 pesados adiados
2026-09-30 21:45:26 INFO pedido criado: P1_2026-09-30_1200_receitas_5-bolos-de-caneca
2026-09-30 21:45:26 INFO 01_pedidos -> 04_edicao: P1_2026-09-30_1200_receitas_5-bolos-de-caneca (carrossel é estático: pula as etapas de vídeo e vai direto para a arte)
2026-09-30 21:45:26 INFO 04_edicao -> 05_revisao: P1_2026-09-30_1200_receitas_5-bolos-de-caneca (carrossel: 3 arquivo(s) pronto(s))
2026-09-30 21:45:26 INFO 05_revisao P1_2026-09-30_1200_receitas_5-bolos-de-caneca: material de revisão pronto (rodada 1): aguardando aprovado.json ou refazer.json
2026-09-30 21:45:26 INFO 05_revisao P1_2026-09-30_1830_destinos_rockstar-quinta: aguardando aprovado.json ou refazer.json
2026-09-30 21:45:26 INFO ciclo: 4 executados, 2 avançaram, 0 erros, 0 pesados adiados
2026-09-30 21:45:26 INFO pedido criado: P1_2026-09-30_1200_carros_5-bolos-de-caneca
2026-09-30 21:45:26 INFO 05_revisao P1_2026-09-30_1200_receitas_5-bolos-de-caneca: aguardando aprovado.json ou refazer.json
2026-09-30 21:45:26 INFO 01_pedidos -> 04_edicao: P1_2026-09-30_1200_carros_5-bolos-de-caneca (threads_texto é estático: pula as etapas de vídeo e vai direto para a arte)
2026-09-30 21:45:26 INFO 04_edicao -> 05_revisao: P1_2026-09-30_1200_carros_5-bolos-de-caneca (threads_texto: 1 arquivo(s) pronto(s))
2026-09-30 21:45:26 INFO 05_revisao P1_2026-09-30_1200_carros_5-bolos-de-caneca: material de revisão pronto (rodada 1): aguardando aprovado.json ou refazer.json
2026-09-30 21:45:26 INFO ciclo: 5 executados, 2 avançaram, 0 erros, 0 pesados adiados
2026-09-30 21:45:26 INFO pedido criado: P1_2026-09-30_0800_gta_cedo
2026-09-30 21:45:26 INFO pedido criado: P1_2026-09-30_1500_gta_tarde
2026-09-30 21:45:26 INFO pedido criado: P2_2026-09-30_0700_gta_programado
2026-09-30 21:45:26 INFO pedido criado: P0_2026-09-30_2350_futebol_gol-agora
2026-09-30 21:45:26 INFO 01_pedidos -> 02_baixados: P0_2026-09-30_2350_futebol_gol-agora (bruto pronto: bruto.mp4 (0.0 MB))
2026-09-30 21:45:26 INFO ciclo: 1 executados, 1 avançaram, 0 erros, 0 pesados adiados
2026-09-30 21:45:26 INFO pedido criado: P1_2026-09-30_1830_gta_adiantado
2026-09-30 21:45:26 INFO 01_pedidos -> 02_baixados: P1_2026-09-30_1830_gta_adiantado (bruto pronto: bruto.mp4 (0.0 MB))
2026-09-30 21:45:26 INFO 02_baixados -> 03_legenda_dublagem: P1_2026-09-30_1830_gta_adiantado (bruto ok: 15.0s 1080x1920, com áudio)
2026-09-30 21:45:26 INFO pedido criado: P0_2026-09-30_1830_gta_bomba
2026-09-30 21:45:26 INFO 01_pedidos -> 02_baixados: P0_2026-09-30_1830_gta_bomba (bruto pronto: bruto.mp4 (0.0 MB))
2026-09-30 21:45:26 INFO ciclo: 1 executados, 1 avançaram, 0 erros, 0 pesados adiados
2026-09-30 21:45:26 INFO pedido criado: P1_2026-09-30_1830_gta_solto
2026-09-30 21:45:26 ERROR pedido solto ruim.json inválido: pedido inválido: futebol nunca leva voz sintética: dublar e narrar_toque_hp têm que ser false (usa o áudio original do vídeo oficial); futebol: só vídeo/foto oficial de clube, CBF ou liga (nunca transmissão de TV) — confirme com fonte_oficial=true
2026-09-30 21:45:26 INFO ciclo: 0 executados, 0 avançaram, 0 erros, 0 pesados adiados
2026-09-30 21:45:26 INFO ciclo: 0 executados, 0 avançaram, 0 erros, 0 pesados adiados
2026-09-30 21:45:27 INFO pedido criado: P1_2026-09-30_1830_gta_rockstar-quinta-feira-e-dia
2026-09-30 21:45:27 INFO pedido criado: P0_2026-09-30_2005_futebol_gol-do-mengao
2026-09-30 21:45:27 ERROR pedido solto solto.json inválido: pedido inválido: id obrigatório (letras, números, _ . -); canal tem que ser um de gta, futebol, filmes, receitas, carros, destinos; tipo tem que ser um de reel, carrossel, story, threads_texto, estatico; titulo obrigatório; redes obrigatório (lista, ex.: ["instagram", "tiktok"]); horario_alvo obrigatório no formato 2026-09-30T18:30:00-03:00
2026-09-30 21:45:27 INFO pedido criado: P0_2026-09-30_1830_gta_gol
2026-09-30 21:45:27 INFO 05_revisao P1_2026-09-30_1200_carros_5-bolos-de-caneca: aguardando aprovado.json ou refazer.json
2026-09-30 21:45:27 INFO ciclo: 3 executados, 0 avançaram, 0 erros, 14 pesados adiados
