2026-09-30 21:45:29 INFO video igual.mp4 x ref.mp4: IDENTICO nota 10.0
2026-09-30 21:45:29 INFO sombra editor_reel 2026-09-30_t1: IDENTICO nota 10.0 aprovado=True | seguidos 1 falta 6 liberada False
2026-09-30 21:45:29 INFO video caixa.mp4 x ref.mp4: DIFERENTE nota 7.41
2026-09-30 21:45:29 INFO video igual.mp4 x ref.mp4: DIFERENTE nota 8.6
2026-09-30 21:45:29 INFO legenda ref.srt x ref.srt: IDENTICO nota 10.0
2026-09-30 21:45:29 INFO legenda desloc.srt x ref.srt: DIFERENTE nota 3.0
2026-09-30 21:45:29 INFO imagem a.png x a.png: IDENTICO nota 10.0
2026-09-30 21:45:29 INFO sombra estaticos 2026-09-30_184529: IDENTICO nota 10.0 aprovado=True | seguidos 1 falta 6 liberada False
2026-09-30 21:45:30 INFO laminas app x ref: DIFERENTE nota 5.71
2026-09-30 21:45:30 INFO video igual.mp4 x ref.mp4: IDENTICO nota 10.0
2026-09-30 21:45:30 INFO sombra editor_reel 2026-09-30_motor1: IDENTICO nota 10.0 aprovado=True | seguidos 1 falta 6 liberada False
2026-09-30 21:45:30 INFO adiado: horário proibido (18h-22h30) para trabalho pesado
2026-09-30 21:45:30 WARNING erro no trabalho video: arquivo não encontrado: nao_existe.mp4
2026-09-30 21:45:30 WARNING erro no trabalho podcast: tipo desconhecido: podcast (use video, imagem, laminas ou legenda)
2026-09-30 21:45:30 INFO laminas app x ref: IDENTICO nota 10.0
2026-09-30 21:45:30 INFO laminas app x ref: DIFERENTE nota 5.71
2026-09-30 21:45:31 INFO laminas app x ref: DIFERENTE nota 5.71
2026-09-30 21:45:31 INFO laminas app x ref: DIFERENTE nota 5.71
2026-09-30 21:45:31 INFO laminas app2 x ref: DIFERENTE nota 1.8
2026-09-30 21:45:31 INFO laminas vazia x ref: DIFERENTE nota 0.0
2026-09-30 21:45:31 INFO imagem a.png x b.png: IDENTICO nota 10.0
2026-09-30 21:45:31 INFO imagem c.png x a.png: DIFERENTE nota 1.43
2026-09-30 21:45:31 INFO imagem a.jpg x a.png: IDENTICO nota 10.0
2026-09-30 21:45:31 INFO imagem pequena.png x a.png: DIFERENTE nota 6.42
2026-09-30 21:45:31 INFO legenda a.srt x b.srt: IDENTICO nota 10.0
2026-09-30 21:45:31 INFO legenda a.ass x b.srt: IDENTICO nota 10.0
2026-09-30 21:45:31 INFO video curto.mp4 x ref.mp4: DIFERENTE nota 9.55
2026-09-30 21:45:31 INFO video curto.mp4 x ref.mp4: IDENTICO nota 10.0
2026-09-30 21:45:32 INFO sombra editor_reel 2026-09-01_d1: IDENTICO nota 10.0 aprovado=True | seguidos 1 falta 9 liberada False
2026-09-30 21:45:32 INFO sombra editor_reel 2026-09-02_d2: IDENTICO nota 10.0 aprovado=True | seguidos 1 falta 9 liberada False
2026-09-30 21:45:32 INFO sombra editor_reel 2026-09-03_d3: IDENTICO nota 10.0 aprovado=True | seguidos 1 falta 9 liberada False
2026-09-30 21:45:32 INFO sombra editor_reel 2026-09-04_d4: IDENTICO nota 10.0 aprovado=True | seguidos 1 falta 9 liberada False
2026-09-30 21:45:32 INFO sombra editor_reel 2026-09-05_d5: IDENTICO nota 10.0 aprovado=True | seguidos 1 falta 9 liberada False
2026-09-30 21:45:32 INFO sombra editor_reel 2026-09-06_d6: IDENTICO nota 10.0 aprovado=True | seguidos 1 falta 9 liberada False
2026-09-30 21:45:32 INFO sombra editor_reel 2026-09-01_d1_2: IDENTICO nota 10.0 aprovado=True | seguidos 1 falta 9 liberada False
2026-09-30 21:45:32 INFO sombra editor_reel 2026-09-02_d2_2: IDENTICO nota 10.0 aprovado=True | seguidos 1 falta 9 liberada False
2026-09-30 21:45:32 INFO sombra editor_reel 2026-09-03_d3_2: IDENTICO nota 10.0 aprovado=True | seguidos 1 falta 9 liberada False
2026-09-30 21:45:32 INFO sombra editor_reel 2026-09-04_d4_2: IDENTICO nota 10.0 aprovado=True | seguidos 1 falta 9 liberada False
2026-09-30 21:45:32 INFO sombra editor_reel 2026-09-05_d5_2: IDENTICO nota 10.0 aprovado=True | seguidos 1 falta 9 liberada False
2026-09-30 21:45:32 INFO sombra editor_reel 2026-09-06_d6_2: IDENTICO nota 10.0 aprovado=True | seguidos 1 falta 9 liberada False
2026-09-30 21:45:32 INFO sombra editor_reel 2026-09-07_d7: IDENTICO nota 10.0 aprovado=True | seguidos 1 falta 9 liberada False
2026-09-30 21:45:32 INFO sombra editor_reel 2026-09-01_d1_3: IDENTICO nota 10.0 aprovado=True | seguidos 1 falta 9 liberada False
2026-09-30 21:45:32 INFO sombra editor_reel 2026-09-02_d2_3: IDENTICO nota 10.0 aprovado=True | seguidos 1 falta 9 liberada False
2026-09-30 21:45:32 INFO sombra editor_reel 2026-09-03_d3_3: IDENTICO nota 10.0 aprovado=True | seguidos 1 falta 9 liberada False
2026-09-30 21:45:32 INFO sombra editor_reel 2026-09-04_d4_3: DIFERENTE nota 5.0 aprovado=False | seguidos 1 falta 9 liberada False
2026-09-30 21:45:32 INFO sombra editor_reel 2026-09-05_d5_3: IDENTICO nota 10.0 aprovado=True | seguidos 1 falta 9 liberada False
2026-09-30 21:45:32 INFO sombra editor_reel 2026-09-06_d6_3: IDENTICO nota 10.0 aprovado=True | seguidos 1 falta 9 liberada False
2026-09-30 21:45:32 INFO sombra editor_reel 2026-09-07_d7_2: IDENTICO nota 10.0 aprovado=True | seguidos 1 falta 9 liberada False
2026-09-30 21:45:32 INFO sombra editor_reel 2026-09-08_d8: IDENTICO nota 10.0 aprovado=True | seguidos 1 falta 9 liberada False
2026-09-30 21:45:32 INFO sombra editor_reel 2026-09-09_d9: IDENTICO nota 10.0 aprovado=True | seguidos 1 falta 9 liberada False
2026-09-30 21:45:32 INFO sombra editor_reel 2026-09-10_d10: IDENTICO nota 10.0 aprovado=True | seguidos 1 falta 9 liberada False
2026-09-30 21:45:32 INFO sombra legendador 2026-09-01_a: IDENTICO nota 10.0 aprovado=True | seguidos 1 falta 9 liberada False
2026-09-30 21:45:32 INFO sombra legendador 2026-09-01_b: IDENTICO nota 10.0 aprovado=True | seguidos 1 falta 9 liberada False
2026-09-30 21:45:32 INFO sombra legendador 2026-09-02_x: IDENTICO nota 10.0 aprovado=True | seguidos 2 falta 8 liberada False
2026-09-30 21:45:32 INFO sombra legendador 2026-09-03_x: IDENTICO nota 10.0 aprovado=True | seguidos 3 falta 7 liberada False
2026-09-30 21:45:32 INFO sombra legendador 2026-09-04_x: IDENTICO nota 10.0 aprovado=True | seguidos 4 falta 6 liberada False
2026-09-30 21:45:32 INFO sombra legendador 2026-09-05_x: IDENTICO nota 10.0 aprovado=True | seguidos 5 falta 5 liberada False
2026-09-30 21:45:32 INFO sombra legendador 2026-09-06_x: IDENTICO nota 10.0 aprovado=True | seguidos 6 falta 4 liberada False
2026-09-30 21:45:32 INFO sombra t 2026-09-01_ok: IDENTICO nota 10.0 aprovado=True | seguidos 1 falta 9 liberada False
2026-09-30 21:45:32 INFO sombra t 2026-09-02_ok: IDENTICO nota 10.0 aprovado=True | seguidos 2 falta 8 liberada False
2026-09-30 21:45:32 INFO sombra t 2026-09-03_ok: IDENTICO nota 10.0 aprovado=True | seguidos 3 falta 7 liberada False
2026-09-30 21:45:32 INFO sombra t 2026-09-04_ok: IDENTICO nota 10.0 aprovado=True | seguidos 4 falta 6 liberada False
2026-09-30 21:45:32 INFO sombra t 2026-09-05_ok: IDENTICO nota 10.0 aprovado=True | seguidos 5 falta 5 liberada False
2026-09-30 21:45:32 INFO sombra t 2026-09-06_ok: IDENTICO nota 10.0 aprovado=True | seguidos 6 falta 4 liberada False
2026-09-30 21:45:32 INFO sombra t 2026-09-07_manha: IDENTICO nota 10.0 aprovado=True | seguidos 7 falta 3 liberada False
2026-09-30 21:45:32 INFO sombra t 2026-09-07_tarde: DIFERENTE nota 5.0 aprovado=False | seguidos 0 falta 10 liberada False
2026-09-30 21:45:32 INFO sombra t 2026-09-01_d1: IDENTICO nota 10.0 aprovado=True | seguidos 0 falta 10 liberada False
2026-09-30 21:45:32 INFO sombra t 2026-09-02_d2: IDENTICO nota 10.0 aprovado=True | seguidos 0 falta 10 liberada False
2026-09-30 21:45:32 INFO sombra t 2026-09-03_d3: IDENTICO nota 10.0 aprovado=True | seguidos 0 falta 10 liberada False
2026-09-30 21:45:32 INFO sombra t 2026-09-05_d5: IDENTICO nota 10.0 aprovado=True | seguidos 0 falta 10 liberada False
2026-09-30 21:45:32 INFO sombra t 2026-09-06_d6: IDENTICO nota 10.0 aprovado=True | seguidos 0 falta 10 liberada False
2026-09-30 21:45:32 INFO sombra t 2026-09-07_d7: IDENTICO nota 10.0 aprovado=True | seguidos 0 falta 10 liberada False
2026-09-30 21:45:32 INFO sombra t 2026-09-08_d8: IDENTICO nota 10.0 aprovado=True | seguidos 1 falta 9 liberada False
2026-09-30 21:45:32 INFO sombra t 2026-09-01_x: IDENTICO nota 10.0 aprovado=True | seguidos 1 falta 9 liberada False
2026-09-30 21:45:32 INFO sombra t 2026-09-02_x: IDENTICO nota 10.0 aprovado=True | seguidos 1 falta 9 liberada False
2026-09-30 21:45:32 INFO sombra t 2026-09-03_x: IDENTICO nota 10.0 aprovado=True | seguidos 1 falta 9 liberada False
2026-09-30 21:45:32 INFO sombra t 2026-09-01_d1_2: IDENTICO nota 10.0 aprovado=True | seguidos 1 falta 9 liberada False
2026-09-30 21:45:32 INFO sombra t 2026-09-02_d2_2: IDENTICO nota 10.0 aprovado=True | seguidos 1 falta 9 liberada False
2026-09-30 21:45:32 INFO sombra t 2026-09-03_d3_2: IDENTICO nota 10.0 aprovado=True | seguidos 1 falta 9 liberada False
2026-09-30 21:45:32 INFO sombra t 2026-09-04_d4: IDENTICO nota 10.0 aprovado=True | seguidos 1 falta 9 liberada False
2026-09-30 21:45:32 INFO sombra t 2026-09-05_d5_2: IDENTICO nota 10.0 aprovado=True | seguidos 1 falta 9 liberada False
2026-09-30 21:45:32 INFO sombra t 2026-09-06_d6_2: IDENTICO nota 10.0 aprovado=True | seguidos 1 falta 9 liberada False
2026-09-30 21:45:32 INFO sombra t 2026-09-07_d7_2: IDENTICO nota 10.0 aprovado=True | seguidos 1 falta 9 liberada False
2026-09-30 21:45:32 INFO sombra t 2026-09-20_checagem: IDENTICO nota 10.0 aprovado=True | seguidos 1 falta 9 liberada False
2026-09-30 21:45:32 INFO sombra editor_reel_v2 2026-09-03_post_123: IDENTICO nota 10.0 aprovado=True | seguidos 1 falta 9 liberada False
2026-09-30 21:45:32 INFO sombra editor_reel_v2 2026-09-03_post_123_2: IDENTICO nota 10.0 aprovado=True | seguidos 1 falta 9 liberada False
2026-09-30 21:45:32 INFO sombra t 2026-09-01_a: IDENTICO nota 10.0 aprovado=True | seguidos 1 falta 9 liberada False
2026-09-30 21:45:32 INFO video igual.mp4 x ref.mp4: IDENTICO nota 10.0
2026-09-30 21:45:33 INFO video caixa.mp4 x ref.mp4: DIFERENTE nota 6.76
2026-09-30 21:45:33 INFO video ruido.mp4 x ref.mp4: DIFERENTE nota 3.75
2026-09-30 21:45:33 INFO video deslocado.mp4 x ref.mp4: DIFERENTE nota 5.31
2026-09-30 21:45:33 INFO video caixa.mp4 x ref.mp4: DIFERENTE nota 6.76
2026-09-30 21:45:34 INFO video caixa.mp4 x ref.mp4: DIFERENTE nota 6.76
2026-09-30 21:45:34 INFO video ruido.mp4 x ref.mp4: DIFERENTE nota 3.75
2026-09-30 21:45:34 INFO video curto.mp4 x ref.mp4: DIFERENTE nota 9.55
2026-09-30 21:45:35 INFO video baixo.mp4 x ref.mp4: DIFERENTE nota 8.12
2026-09-30 21:45:35 INFO video sem_audio.mp4 x ref.mp4: DIFERENTE nota 7.5
2026-09-30 21:45:35 INFO video igual.mp4 x ref.mp4: IDENTICO nota 10.0
2026-09-30 21:45:36 INFO video igual.mp4 x ref.mp4: DIFERENTE nota 8.89
2026-09-30 21:45:36 INFO video app_leg.mp4 x ref_leg.mp4: DIFERENTE nota 8.58
